Severe abdominal pain&disease=Acute abdomen&disease_class=Abdominal and pelvic pain
abdominal pain&disease=Acute abdomen&disease_class=Abdominal and pelvic pain
Dyspepsia&disease=Acute abdomen&disease_class=Pain localized to upper abdomen
Epigastric pain&disease=Acute abdomen&disease_class=Pain localized to upper abdomen
Pelvic and perineal pain
Pain localized to other parts of lower abdomen
Abdominal tenderness&disease=Other and unspecified abdominal pain&disease_class=Pain localized to upper abdomen
Colic&disease=Other and unspecified abdominal pain&disease_class=Pain localized to upper abdomen
infantile&disease=Other and unspecified abdominal pain&disease_class=Pain localized to upper abdomen
Nausea
vomiting
Heartburn
Difficulty in swallowing&disease=Dysphagia&disease_class=Pain localized to upper abdomen
Abdominal distension&disease=Flatulence and related conditions&disease_class=Pain localized to upper abdomen
Bloating&disease=Flatulence and related conditions&disease_class=Pain localized to upper abdomen
Eructation&disease=Flatulence and related conditions&disease_class=Pain localized to upper abdomen
Gas pain&disease=Flatulence and related conditions&disease_class=Pain localized to upper abdomen
Tympanites&disease=Flatulence and related conditions&disease_class=Pain localized to upper abdomen
Abdominal Tympanites&disease=Flatulence and related conditions&disease_class=Pain localized to upper abdomen
Intestinal Tympanites&disease=Flatulence and related conditions&disease_class=Pain localized to upper abdomen
Encopresis&disease=Faecal incontinence&disease_class=Pain localized to upper abdomen
Hepatomegaly&disease=Hepatomegaly, not elsewhere classified&disease_class=Hepatomegaly and splenomegaly, not elsewhere classified
Splenomegaly&disease=Splenomegaly, not elsewhere classified&disease_class=Hepatomegaly and splenomegaly, not elsewhere classified
Hepatosplenomegaly&disease=Hepatomegaly, not elsewhere classified&disease_class=Hepatomegaly and splenomegaly, not elsewhere classified
Unspecified jaundice
Fluid in peritoneal cavity&disease=Ascites
Diffuse or generalized swelling or mass&disease=Intra-abdominal and pelvic swelling, mass and lump&disease_class=Other symptoms and signs involving the digestive system and abdomen
intra-abdominal mass&disease=Intra-abdominal and pelvic swelling, mass and lump&disease_class=Other symptoms and signs involving the digestive system and abdomen
intra-abdominal lump&disease=Intra-abdominal and pelvic swelling, mass and lump&disease_class=Other symptoms and signs involving the digestive system and abdomen
pelvic mass&disease=Intra-abdominal and pelvic swelling, mass and lump&disease_class=Other symptoms and signs involving the digestive system and abdomen
pelvic lump&disease=Intra-abdominal and pelvic swelling, mass and lump&disease_class=Other symptoms and signs involving the digestive system and abdomen
umbilical lump&disease=Intra-abdominal and pelvic swelling, mass and lump&disease_class=Other symptoms and signs involving the digestive system and abdomen
umblical mass&disease=Intra-abdominal and pelvic swelling, mass and lump&disease_class=Other symptoms and signs involving the digestive system and abdomen
Absent bowel sounds&disease=Abnormal bowel sounds&disease_class=Other symptoms and signs involving the digestive system and abdomen
Hyperactive bowel sounds&disease=Abnormal bowel sounds&disease_class=Other symptoms and signs involving the digestive system and abdomen
Hyperperistalsis&disease=Visible peristalsis&disease_class=Other symptoms and signs involving the digestive system and abdomen
Abdominal rigidity&disease_class=Other symptoms and signs involving the digestive system and abdomen
Change in bowel habit&disease_class=Other symptoms and signs involving the digestive system and abdomen
Abnormal stool colour&disease=Other faecal abnormalities&disease_class=Other symptoms and signs involving the digestive system and abdomen
Bulky stools&disease=Other faecal abnormalities&disease_class=Other symptoms and signs involving the digestive system and abdomen
Mucus in stools&disease=Other faecal abnormalities&disease_class=Other symptoms and signs involving the digestive system and abdomen
Occult blood in stools&disease=Other faecal abnormalities&disease_class=Other symptoms and signs involving the digestive system and abdomen
blood in stools&disease=Other faecal abnormalities&disease_class=Other symptoms and signs involving the digestive system and abdomen
Halitosis&disease_class=Other symptoms and signs involving the digestive system and abdomen